<?xml version="1.0" encoding="UTF-8"?>
<TestRun id="01a066b6-00e2-4595-9bb4-a6d750bc9f8b" name="amedinaj@PC7698 2013-12-18 15:21:30" runUser="MITYC\amedinaj" xmlns="http://microsoft.com/schemas/VisualStudio/TeamTest/2010">
  <TestSettings name="Local" id="0986dc83-d545-40fe-8404-a61d03624407">
    <Description>Esta es la configuración de pruebas predeterminada para una ejecución de pruebas local.</Description>
    <Deployment enabled="false" runDeploymentRoot="amedinaj_PC7698 2013-12-18 15_21_30">
      <DeploymentItem filename="C:\Documents and Settings\amedinaj\Mis documentos\Visual Studio 2010\Projects\GacPanel\GacManipulation\bin\Debug\GacManipulation.dll" />
    </Deployment>
    <Execution>
      <TestTypeSpecific />
      <AgentRule name="Execution Agents">
      </AgentRule>
    </Execution>
  </TestSettings>
  <Times creation="2013-12-18T15:21:30.5022575+01:00" queuing="2013-12-18T15:21:34.3773071+01:00" start="2013-12-18T15:21:34.5960599+01:00" finish="2013-12-18T15:21:37.0492163+01:00" />
  <ResultSummary outcome="Failed">
    <Counters total="3" executed="3" error="0" failed="3" timeout="0" aborted="0" inconclusive="0" passedButRunAborted="0" notRunnable="0" notExecuted="0" disconnected="0" warning="0" passed="0" completed="0" inProgress="0" pending="0" />
  </ResultSummary>
  <TestDefinitions>
    <UnitTest name="TestThereAreRedirections" storage="c:\documents and settings\amedinaj\mis documentos\visual studio 2010\projects\gacpanel\test\bin\debug\test.dll" id="c295c8eb-c794-9b4a-b0f3-786b6ef5d0d3">
      <Execution id="789300c8-d7cb-48f0-abae-4c280980931a" />
      <TestMethod codeBase="C:/Documents and Settings/amedinaj/Mis documentos/Visual Studio 2010/Projects/GacPanel/Test/bin/Debug/Test.DLL" adapterTypeName="Microsoft.VisualStudio.TestTools.TestTypes.Unit.UnitTestAdapter, Microsoft.VisualStudio.QualityTools.Tips.UnitTest.Adapter, Version=10.0.0.0, Culture=neutral, PublicKeyToken=b03f5f7f11d50a3a" className="Test.MachineConfigFileTest, Test, Version=1.0.0.0, Culture=neutral, PublicKeyToken=null" name="TestThereAreRedirections" />
    </UnitTest>
    <UnitTest name="TestLoad" storage="c:\documents and settings\amedinaj\mis documentos\visual studio 2010\projects\gacpanel\test\bin\debug\test.dll" id="a6209171-6d87-2e8c-6f8d-34bb86e156d6">
      <Execution id="a5271abe-3833-4622-9689-333fbf857f90" />
      <TestMethod codeBase="C:/Documents and Settings/amedinaj/Mis documentos/Visual Studio 2010/Projects/GacPanel/Test/bin/Debug/Test.DLL" adapterTypeName="Microsoft.VisualStudio.TestTools.TestTypes.Unit.UnitTestAdapter, Microsoft.VisualStudio.QualityTools.Tips.UnitTest.Adapter, Version=10.0.0.0, Culture=neutral, PublicKeyToken=b03f5f7f11d50a3a" className="Test.MachineConfigFileTest, Test, Version=1.0.0.0, Culture=neutral, PublicKeyToken=null" name="TestLoad" />
    </UnitTest>
    <UnitTest name="TestChangeDirective" storage="c:\documents and settings\amedinaj\mis documentos\visual studio 2010\projects\gacpanel\test\bin\debug\test.dll" id="35eb65eb-0a55-ebd0-1bc6-a18f872e7817">
      <Execution id="f9e576ac-4ede-4c1e-a31b-8ee56d64188d" />
      <TestMethod codeBase="C:/Documents and Settings/amedinaj/Mis documentos/Visual Studio 2010/Projects/GacPanel/Test/bin/Debug/Test.DLL" adapterTypeName="Microsoft.VisualStudio.TestTools.TestTypes.Unit.UnitTestAdapter, Microsoft.VisualStudio.QualityTools.Tips.UnitTest.Adapter, Version=10.0.0.0, Culture=neutral, PublicKeyToken=b03f5f7f11d50a3a" className="Test.MachineConfigFileTest, Test, Version=1.0.0.0, Culture=neutral, PublicKeyToken=null" name="TestChangeDirective" />
    </UnitTest>
  </TestDefinitions>
  <TestLists>
    <TestList name="Resultados que no están en la lista" id="8c84fa94-04c1-424b-9868-57a2d4851a1d" />
    <TestList name="Todos los resultados cargados" id="19431567-8539-422a-85d7-44ee4e166bda" />
  </TestLists>
  <TestEntries>
    <TestEntry testId="35eb65eb-0a55-ebd0-1bc6-a18f872e7817" executionId="f9e576ac-4ede-4c1e-a31b-8ee56d64188d" testListId="8c84fa94-04c1-424b-9868-57a2d4851a1d" />
    <TestEntry testId="a6209171-6d87-2e8c-6f8d-34bb86e156d6" executionId="a5271abe-3833-4622-9689-333fbf857f90" testListId="8c84fa94-04c1-424b-9868-57a2d4851a1d" />
    <TestEntry testId="c295c8eb-c794-9b4a-b0f3-786b6ef5d0d3" executionId="789300c8-d7cb-48f0-abae-4c280980931a" testListId="8c84fa94-04c1-424b-9868-57a2d4851a1d" />
  </TestEntries>
  <Results>
    <UnitTestResult executionId="f9e576ac-4ede-4c1e-a31b-8ee56d64188d" testId="35eb65eb-0a55-ebd0-1bc6-a18f872e7817" testName="TestChangeDirective" computerName="PC7698" duration="00:00:00.4606289" startTime="2013-12-18T15:21:34.7991875+01:00" endTime="2013-12-18T15:21:36.6742115+01:00" testType="13cdc9d9-ddb5-4fa4-a97d-d965ccfc6d4b" outcome="Failed" testListId="8c84fa94-04c1-424b-9868-57a2d4851a1d" relativeResultsDirectory="f9e576ac-4ede-4c1e-a31b-8ee56d64188d">
      <Output>
        <ErrorInfo>
          <Message>El método de prueba Test.MachineConfigFileTest.TestChangeDirective produjo la excepción: 
System.IO.DirectoryNotFoundException: No se puede encontrar una parte de la ruta de acceso 'C:\Documents and Settings\amedinaj\Mis documentos\Visual Studio 2010\Projects\GacPanel\TestResults\amedinaj_PC7698 2013-12-18 15_21_30\Out\Files\machine.config.test.xml'.</Message>
          <StackTrace>    en System.IO.__Error.WinIOError(Int32 errorCode, String maybeFullPath)
   en System.IO.FileStream.Init(String path, FileMode mode, FileAccess access, Int32 rights, Boolean useRights, FileShare share, Int32 bufferSize, FileOptions options, SECURITY_ATTRIBUTES secAttrs, String msgPath, Boolean bFromProxy, Boolean useLongPath)
   en System.IO.FileStream..ctor(String path, FileMode mode, FileAccess access, FileShare share, Int32 bufferSize)
   en System.Xml.XmlDownloadManager.GetStream(Uri uri, ICredentials credentials, IWebProxy proxy, RequestCachePolicy cachePolicy)
   en System.Xml.XmlUrlResolver.GetEntity(Uri absoluteUri, String role, Type ofObjectToReturn)
   en System.Xml.XmlReaderSettings.CreateReader(String inputUri, XmlParserContext inputContext)
   en System.Xml.XmlReader.Create(String inputUri, XmlReaderSettings settings, XmlParserContext inputContext)
   en System.Xml.Linq.XDocument.Load(String uri, LoadOptions options)
   en System.Xml.Linq.XDocument.Load(String uri)
   en GacManipulation.MachineConfigFile.LoadDirectives() en C:\Documents and Settings\amedinaj\Mis documentos\Visual Studio 2010\Projects\GacPanel\GacManipulation\MachineConfig\MachineConfigFile.vb:línea 26
   en Test.MachineConfigFileTest.TestChangeDirective() en C:\Documents and Settings\amedinaj\Mis documentos\Visual Studio 2010\Projects\GacPanel\Test\MachineConfigFileTest.vb:línea 60
</StackTrace>
        </ErrorInfo>
      </Output>
    </UnitTestResult>
    <UnitTestResult executionId="a5271abe-3833-4622-9689-333fbf857f90" testId="a6209171-6d87-2e8c-6f8d-34bb86e156d6" testName="TestLoad" computerName="PC7698" duration="00:00:00.0063790" startTime="2013-12-18T15:21:36.7054619+01:00" endTime="2013-12-18T15:21:36.7367123+01:00" testType="13cdc9d9-ddb5-4fa4-a97d-d965ccfc6d4b" outcome="Failed" testListId="8c84fa94-04c1-424b-9868-57a2d4851a1d" relativeResultsDirectory="a5271abe-3833-4622-9689-333fbf857f90">
      <Output>
        <ErrorInfo>
          <Message>El método de prueba Test.MachineConfigFileTest.TestLoad produjo la excepción: 
System.IO.DirectoryNotFoundException: No se puede encontrar una parte de la ruta de acceso 'C:\Documents and Settings\amedinaj\Mis documentos\Visual Studio 2010\Projects\GacPanel\TestResults\amedinaj_PC7698 2013-12-18 15_21_30\Out\Files\machine.config.test.xml'.</Message>
          <StackTrace>    en System.IO.__Error.WinIOError(Int32 errorCode, String maybeFullPath)
   en System.IO.FileStream.Init(String path, FileMode mode, FileAccess access, Int32 rights, Boolean useRights, FileShare share, Int32 bufferSize, FileOptions options, SECURITY_ATTRIBUTES secAttrs, String msgPath, Boolean bFromProxy, Boolean useLongPath)
   en System.IO.FileStream..ctor(String path, FileMode mode, FileAccess access, FileShare share, Int32 bufferSize)
   en System.Xml.XmlDownloadManager.GetStream(Uri uri, ICredentials credentials, IWebProxy proxy, RequestCachePolicy cachePolicy)
   en System.Xml.XmlUrlResolver.GetEntity(Uri absoluteUri, String role, Type ofObjectToReturn)
   en System.Xml.XmlReaderSettings.CreateReader(String inputUri, XmlParserContext inputContext)
   en System.Xml.XmlReader.Create(String inputUri, XmlReaderSettings settings, XmlParserContext inputContext)
   en System.Xml.Linq.XDocument.Load(String uri, LoadOptions options)
   en System.Xml.Linq.XDocument.Load(String uri)
   en GacManipulation.MachineConfigFile.LoadDirectives() en C:\Documents and Settings\amedinaj\Mis documentos\Visual Studio 2010\Projects\GacPanel\GacManipulation\MachineConfig\MachineConfigFile.vb:línea 26
   en Test.MachineConfigFileTest.TestLoad() en C:\Documents and Settings\amedinaj\Mis documentos\Visual Studio 2010\Projects\GacPanel\Test\MachineConfigFileTest.vb:línea 48
</StackTrace>
        </ErrorInfo>
      </Output>
    </UnitTestResult>
    <UnitTestResult executionId="789300c8-d7cb-48f0-abae-4c280980931a" testId="c295c8eb-c794-9b4a-b0f3-786b6ef5d0d3" testName="TestThereAreRedirections" computerName="PC7698" duration="00:00:00.0047304" startTime="2013-12-18T15:21:36.7367123+01:00" endTime="2013-12-18T15:21:36.7523375+01:00" testType="13cdc9d9-ddb5-4fa4-a97d-d965ccfc6d4b" outcome="Failed" testListId="8c84fa94-04c1-424b-9868-57a2d4851a1d" relativeResultsDirectory="789300c8-d7cb-48f0-abae-4c280980931a">
      <Output>
        <ErrorInfo>
          <Message>El método de prueba Test.MachineConfigFileTest.TestThereAreRedirections produjo la excepción: 
System.IO.DirectoryNotFoundException: No se puede encontrar una parte de la ruta de acceso 'C:\Documents and Settings\amedinaj\Mis documentos\Visual Studio 2010\Projects\GacPanel\TestResults\amedinaj_PC7698 2013-12-18 15_21_30\Out\Files\machine.config.test.xml'.</Message>
          <StackTrace>    en System.IO.__Error.WinIOError(Int32 errorCode, String maybeFullPath)
   en System.IO.FileStream.Init(String path, FileMode mode, FileAccess access, Int32 rights, Boolean useRights, FileShare share, Int32 bufferSize, FileOptions options, SECURITY_ATTRIBUTES secAttrs, String msgPath, Boolean bFromProxy, Boolean useLongPath)
   en System.IO.FileStream..ctor(String path, FileMode mode, FileAccess access, FileShare share, Int32 bufferSize)
   en System.Xml.XmlDownloadManager.GetStream(Uri uri, ICredentials credentials, IWebProxy proxy, RequestCachePolicy cachePolicy)
   en System.Xml.XmlUrlResolver.GetEntity(Uri absoluteUri, String role, Type ofObjectToReturn)
   en System.Xml.XmlReaderSettings.CreateReader(String inputUri, XmlParserContext inputContext)
   en System.Xml.XmlReader.Create(String inputUri, XmlReaderSettings settings, XmlParserContext inputContext)
   en System.Xml.Linq.XDocument.Load(String uri, LoadOptions options)
   en System.Xml.Linq.XDocument.Load(String uri)
   en GacManipulation.MachineConfigFile.LoadDirectives() en C:\Documents and Settings\amedinaj\Mis documentos\Visual Studio 2010\Projects\GacPanel\GacManipulation\MachineConfig\MachineConfigFile.vb:línea 26
   en Test.MachineConfigFileTest.TestThereAreRedirections() en C:\Documents and Settings\amedinaj\Mis documentos\Visual Studio 2010\Projects\GacPanel\Test\MachineConfigFileTest.vb:línea 54
</StackTrace>
        </ErrorInfo>
      </Output>
    </UnitTestResult>
  </Results>
</TestRun>